
=== Tue Aug 11 13:55:52 2020

Packages were changed.
Update Mode: updateDependencies

The following packages were added:
  com.unity.collab-proxy@1.2.15
The following packages were updated:
  com.unity.analytics from version 2.0.16 to 3.2.2
  com.unity.package-manager-ui from version 1.9.11 to 2.0.3
  com.unity.textmeshpro from version 1.2.4 to 1.3.0

=== Sun Sep 20 16:56:01 2026

Packages were changed.
Update Mode: updateDependencies

The following packages were added:
  com.unity.2d.sprite@1.0.0
  com.unity.2d.tilemap@1.0.0
  com.unity.ide.rider@3.0.39
  com.unity.ide.visualstudio@2.0.27
  com.unity.modules.adaptiveperformance@1.0.0
  com.unity.modules.androidjni@1.0.0
  com.unity.modules.vectorgraphics@1.0.0
  com.unity.test-framework@1.6.0
  com.unity.timeline@1.8.12
  com.unity.ugui@2.0.0
  com.unity.xr.legacyinputhelpers@3.0.1
  com.unity.ai.navigation@2.0.12
  com.unity.modules.accessibility@1.0.0
  com.unity.multiplayer.center@1.0.1
The following packages were updated:
  com.unity.ads from version 2.0.8 to 4.16.4
  com.unity.analytics from version 3.2.2 to 3.8.2
  com.unity.collab-proxy from version 1.2.15 to 2.12.4
  com.unity.purchasing from version 2.0.3 to 4.15.0
The following packages were removed:
  com.unity.package-manager-ui@2.0.3
  com.unity.textmeshpro@1.3.0
